// Jest Snapshot v1, https://goo.gl/fbAQLP

exports[`Dropdown should match snapshot 1`] = `
<div>
  <button
    aria-expanded="false"
    aria-haspopup="menu"
    class="sc-a2edfdac-0 GxzQt"
    data-state="closed"
    id="radix-:r0:"
    type="button"
  >
    <figure
      class="sc-4d7894f7-0 jnrDtm"
      data-testid="root-avatar"
    >
      <img
        alt="image"
        class="sc-4d7894f7-1 fqwDfh"
        data-nimg="fill"
        decoding="async"
        loading="lazy"
        sizes="100vw"
        src="/_next/image?url=%2Fimage-profile-1.png&w=3840&q=75"
        srcset="/_next/image?url=%2Fimage-profile-1.png&w=640&q=75 640w, /_next/image?url=%2Fimage-profile-1.png&w=750&q=75 750w, /_next/image?url=%2Fimage-profile-1.png&w=828&q=75 828w, /_next/image?url=%2Fimage-profile-1.png&w=1080&q=75 1080w, /_next/image?url=%2Fimage-profile-1.png&w=1200&q=75 1200w, /_next/image?url=%2Fimage-profile-1.png&w=1920&q=75 1920w, /_next/image?url=%2Fimage-profile-1.png&w=2048&q=75 2048w, /_next/image?url=%2Fimage-profile-1.png&w=3840&q=75 3840w"
        style="position: absolute; height: 100%; width: 100%; left: 0px; top: 0px; right: 0px; bottom: 0px; object-fit: cover; color: transparent;"
      />
    </figure>
  </button>
</div>
`;
